// Jest Snapshot v1, https://goo.gl/fbAQLP

exports[`matches snapshot 1`] = `
<DocumentFragment>
  <div
    class="TodoList"
  >
    <div
      class="NewTodoForm"
    >
      <h3>
        ADD NEW TODO
      </h3>
      <form>
        <label
          for="task"
        >
          Task: 
        </label>
        <input
          id="task"
          name="task"
          required=""
          type="text"
          value=""
        />
        <button>
          Add
        </button>
      </form>
    </div>
    <h3>
      My Todo List
    </h3>
  </div>
</DocumentFragment>
`;
